../Src/syscalls.c:38:5:__io_putchar	16	static
../Src/syscalls.c:56:6:initialise_monitor_handles	4	static
../Src/syscalls.c:59:5:_getpid	4	static
../Src/syscalls.c:63:5:_kill	16	static
../Src/syscalls.c:70:6:_exit	16	static
../Src/syscalls.c:76:27:_read	32	static
../Src/syscalls.c:87:27:_write	32	static
../Src/syscalls.c:97:5:_close	16	static
../Src/syscalls.c:102:5:_fstat	16	static
../Src/syscalls.c:108:5:_isatty	16	static
../Src/syscalls.c:113:5:_lseek	24	static
../Src/syscalls.c:120:5:_open	12	static
../Src/syscalls.c:127:5:_wait	16	static
../Src/syscalls.c:133:5:_unlink	16	static
../Src/syscalls.c:139:5:_times	16	static
../Src/syscalls.c:144:5:_stat	16	static
../Src/syscalls.c:150:5:_link	16	static
../Src/syscalls.c:157:5:_fork	8	static
../Src/syscalls.c:162:5:_execve	24	static
