Archive member included to satisfy reference by file (symbol)

C:/ST/STM32CubeIDE_1.19.0/STM32CubeIDE/plugins/com.st.stm32cube.ide.mcu.externaltools.gnu-tools-for-stm32.13.3.rel1.win32_1.0.0.202411081344/tools/bin/../lib/gcc/arm-none-eabi/13.3.1/../../../../arm-none-eabi/lib/thumb/v7e-m+fp/hard\libc_nano.a(libc_a-exit.o)
                              C:/ST/STM32CubeIDE_1.19.0/STM32CubeIDE/plugins/com.st.stm32cube.ide.mcu.externaltools.gnu-tools-for-stm32.13.3.rel1.win32_1.0.0.202411081344/tools/bin/../lib/gcc/arm-none-eabi/13.3.1/../../../../arm-none-eabi/lib/thumb/v7e-m+fp/hard/crt0.o (exit)
C:/ST/STM32CubeIDE_1.19.0/STM32CubeIDE/plugins/com.st.stm32cube.ide.mcu.externaltools.gnu-tools-for-stm32.13.3.rel1.win32_1.0.0.202411081344/tools/bin/../lib/gcc/arm-none-eabi/13.3.1/../../../../arm-none-eabi/lib/thumb/v7e-m+fp/hard\libc_nano.a(libc_a-findfp.o)
                              C:/ST/STM32CubeIDE_1.19.0/STM32CubeIDE/plugins/com.st.stm32cube.ide.mcu.externaltools.gnu-tools-for-stm32.13.3.rel1.win32_1.0.0.202411081344/tools/bin/../lib/gcc/arm-none-eabi/13.3.1/../../../../arm-none-eabi/lib/thumb/v7e-m+fp/hard\libc_nano.a(libc_a-exit.o) (__stdio_exit_handler)
C:/ST/STM32CubeIDE_1.19.0/STM32CubeIDE/plugins/com.st.stm32cube.ide.mcu.externaltools.gnu-tools-for-stm32.13.3.rel1.win32_1.0.0.202411081344/tools/bin/../lib/gcc/arm-none-eabi/13.3.1/../../../../arm-none-eabi/lib/thumb/v7e-m+fp/hard\libc_nano.a(libc_a-fwalk.o)
                              C:/ST/STM32CubeIDE_1.19.0/STM32CubeIDE/plugins/com.st.stm32cube.ide.mcu.externaltools.gnu-tools-for-stm32.13.3.rel1.win32_1.0.0.202411081344/tools/bin/../lib/gcc/arm-none-eabi/13.3.1/../../../../arm-none-eabi/lib/thumb/v7e-m+fp/hard\libc_nano.a(libc_a-findfp.o) (_fwalk_sglue)
C:/ST/STM32CubeIDE_1.19.0/STM32CubeIDE/plugins/com.st.stm32cube.ide.mcu.externaltools.gnu-tools-for-stm32.13.3.rel1.win32_1.0.0.202411081344/tools/bin/../lib/gcc/arm-none-eabi/13.3.1/../../../../arm-none-eabi/lib/thumb/v7e-m+fp/hard\libc_nano.a(libc_a-stdio.o)
                              C:/ST/STM32CubeIDE_1.19.0/STM32CubeIDE/plugins/com.st.stm32cube.ide.mcu.externaltools.gnu-tools-for-stm32.13.3.rel1.win32_1.0.0.202411081344/tools/bin/../lib/gcc/arm-none-eabi/13.3.1/../../../../arm-none-eabi/lib/thumb/v7e-m+fp/hard\libc_nano.a(libc_a-findfp.o) (__sread)
C:/ST/STM32CubeIDE_1.19.0/STM32CubeIDE/plugins/com.st.stm32cube.ide.mcu.externaltools.gnu-tools-for-stm32.13.3.rel1.win32_1.0.0.202411081344/tools/bin/../lib/gcc/arm-none-eabi/13.3.1/../../../../arm-none-eabi/lib/thumb/v7e-m+fp/hard\libc_nano.a(libc_a-memset.o)
                              C:/ST/STM32CubeIDE_1.19.0/STM32CubeIDE/plugins/com.st.stm32cube.ide.mcu.externaltools.gnu-tools-for-stm32.13.3.rel1.win32_1.0.0.202411081344/tools/bin/../lib/gcc/arm-none-eabi/13.3.1/../../../../arm-none-eabi/lib/thumb/v7e-m+fp/hard/crt0.o (memset)
C:/ST/STM32CubeIDE_1.19.0/STM32CubeIDE/plugins/com.st.stm32cube.ide.mcu.externaltools.gnu-tools-for-stm32.13.3.rel1.win32_1.0.0.202411081344/tools/bin/../lib/gcc/arm-none-eabi/13.3.1/../../../../arm-none-eabi/lib/thumb/v7e-m+fp/hard\libc_nano.a(libc_a-closer.o)
                              C:/ST/STM32CubeIDE_1.19.0/STM32CubeIDE/plugins/com.st.stm32cube.ide.mcu.externaltools.gnu-tools-for-stm32.13.3.rel1.win32_1.0.0.202411081344/tools/bin/../lib/gcc/arm-none-eabi/13.3.1/../../../../arm-none-eabi/lib/thumb/v7e-m+fp/hard\libc_nano.a(libc_a-stdio.o) (_close_r)
C:/ST/STM32CubeIDE_1.19.0/STM32CubeIDE/plugins/com.st.stm32cube.ide.mcu.externaltools.gnu-tools-for-stm32.13.3.rel1.win32_1.0.0.202411081344/tools/bin/../lib/gcc/arm-none-eabi/13.3.1/../../../../arm-none-eabi/lib/thumb/v7e-m+fp/hard\libc_nano.a(libc_a-reent.o)
                              C:/ST/STM32CubeIDE_1.19.0/STM32CubeIDE/plugins/com.st.stm32cube.ide.mcu.externaltools.gnu-tools-for-stm32.13.3.rel1.win32_1.0.0.202411081344/tools/bin/../lib/gcc/arm-none-eabi/13.3.1/../../../../arm-none-eabi/lib/thumb/v7e-m+fp/hard\libc_nano.a(libc_a-closer.o) (errno)
C:/ST/STM32CubeIDE_1.19.0/STM32CubeIDE/plugins/com.st.stm32cube.ide.mcu.externaltools.gnu-tools-for-stm32.13.3.rel1.win32_1.0.0.202411081344/tools/bin/../lib/gcc/arm-none-eabi/13.3.1/../../../../arm-none-eabi/lib/thumb/v7e-m+fp/hard\libc_nano.a(libc_a-impure.o)
                              C:/ST/STM32CubeIDE_1.19.0/STM32CubeIDE/plugins/com.st.stm32cube.ide.mcu.externaltools.gnu-tools-for-stm32.13.3.rel1.win32_1.0.0.202411081344/tools/bin/../lib/gcc/arm-none-eabi/13.3.1/../../../../arm-none-eabi/lib/thumb/v7e-m+fp/hard\libc_nano.a(libc_a-reent.o) (_impure_ptr)
C:/ST/STM32CubeIDE_1.19.0/STM32CubeIDE/plugins/com.st.stm32cube.ide.mcu.externaltools.gnu-tools-for-stm32.13.3.rel1.win32_1.0.0.202411081344/tools/bin/../lib/gcc/arm-none-eabi/13.3.1/../../../../arm-none-eabi/lib/thumb/v7e-m+fp/hard\libc_nano.a(libc_a-lseekr.o)
[...]
Memory Configuration

Name             Origin             Length             Attributes
RAM              0x20000000         0x00018000         xrw
SRAM2            0x10000000         0x00008000         xrw
FLASH            0x08000000         0x00100000         xr
*default*        0x00000000         0xffffffff

Linker script and memory map

LOAD C:/ST/STM32CubeIDE_1.19.0/STM32CubeIDE/plugins/com.st.stm32cube.ide.mcu.externaltools.gnu-tools-for-stm32.13.3.rel1.win32_1.0.0.202411081344/tools/bin/../lib/gcc/arm-none-eabi/13.3.1/thumb/v7e-m+fp/hard/crti.o
LOAD C:/ST/STM32CubeIDE_1.19.0/STM32CubeIDE/plugins/com.st.stm32cube.ide.mcu.externaltools.gnu-tools-for-stm32.13.3.rel1.win32_1.0.0.202411081344/tools/bin/../lib/gcc/arm-none-eabi/13.3.1/thumb/v7e-m+fp/hard/crtbegin.o
LOAD C:/ST/STM32CubeIDE_1.19.0/STM32CubeIDE/plugins/com.st.stm32cube.ide.mcu.externaltools.gnu-tools-for-stm32.13.3.rel1.win32_1.0.0.202411081344/tools/bin/../lib/gcc/arm-none-eabi/13.3.1/../../../../arm-none-eabi/lib/thumb/v7e-m+fp/hard/crt0.o
LOAD ./Drivers/src/stm32l476xx_gpio.o
LOAD ./Drivers/src/stm32l476xx_spi.o
LOAD ./Src/main.o
LOAD ./Src/syscalls.o
LOAD ./Src/sysmem.o
LOAD ./Src/w25qxx.o
LOAD ./Startup/startup_stm32l476rgtx.o
START GROUP
LOAD C:/ST/STM32CubeIDE_1.19.0/STM32CubeIDE/plugins/com.st.stm32cube.ide.mcu.externaltools.gnu-tools-for-stm32.13.3.rel1.win32_1.0.0.202411081344/tools/bin/../lib/gcc/arm-none-eabi/13.3.1/../../../../arm-none-eabi/lib/thumb/v7e-m+fp/hard\libc_nano.a
LOAD C:/ST/STM32CubeIDE_1.19.0/STM32CubeIDE/plugins/com.st.stm32cube.ide.mcu.externaltools.gnu-tools-for-stm32.13.3.rel1.win32_1.0.0.202411081344/tools/bin/../lib/gcc/arm-none-eabi/13.3.1/../../../../arm-none-eabi/lib/thumb/v7e-m+fp/hard\libm.a
END GROUP
START GROUP
LOAD C:/ST/STM32CubeIDE_1.19.0/STM32CubeIDE/plugins/com.st.stm32cube.ide.mcu.externaltools.gnu-tools-for-stm32.13.3.rel1.win32_1.0.0.202411081344/tools/bin/../lib/gcc/arm-none-eabi/13.3.1/thumb/v7e-m+fp/hard\libgcc.a
LOAD C:/ST/STM32CubeIDE_1.19.0/STM32CubeIDE/plugins/com.st.stm32cube.ide.mcu.externaltools.gnu-tools-for-stm32.13.3.rel1.win32_1.0.0.202411081344/tools/bin/../lib/gcc/arm-none-eabi/13.3.1/../../../../arm-none-eabi/lib/thumb/v7e-m+fp/hard\libc_nano.a
END GROUP
START GROUP
LOAD C:/ST/STM32CubeIDE_1.19.0/STM32CubeIDE/plugins/com.st.stm32cube.ide.mcu.externaltools.gnu-tools-for-stm32.13.3.rel1.win32_1.0.0.202411081344/tools/bin/../lib/gcc/arm-none-eabi/13.3.1/thumb/v7e-m+fp/hard\libgcc.a
LOAD C:/ST/STM32CubeIDE_1.19.0/STM32CubeIDE/plugins/com.st.stm32cube.ide.mcu.externaltools.gnu-tools-for-stm32.13.3.rel1.win32_1.0.0.202411081344/tools/bin/../lib/gcc/arm-none-eabi/13.3.1/../../../../arm-none-eabi/lib/thumb/v7e-m+fp/hard\libc_nano.a
LOAD C:/ST/STM32CubeIDE_1.19.0/STM32CubeIDE/plugins/com.st.stm32cube.ide.mcu.externaltools.gnu-tools-for-stm32.13.3.rel1.win32_1.0.0.202411081344/tools/bin/../lib/gcc/arm-none-eabi/13.3.1/../../../../arm-none-eabi/lib/thumb/v7e-m+fp/hard\libnosys.a
END GROUP
START GROUP
LOAD C:/ST/STM32CubeIDE_1.19.0/STM32CubeIDE/plugins/com.st.stm32cube.ide.mcu.externaltools.gnu-tools-for-stm32.13.3.rel1.win32_1.0.0.202411081344/tools/bin/../lib/gcc/arm-none-eabi/13.3.1/thumb/v7e-m+fp/hard\libgcc.a
LOAD C:/ST/STM32CubeIDE_1.19.0/STM32CubeIDE/plugins/com.st.stm32cube.ide.mcu.externaltools.gnu-tools-for-stm32.13.3.rel1.win32_1.0.0.202411081344/tools/bin/../lib/gcc/arm-none-eabi/13.3.1/../../../../arm-none-eabi/lib/thumb/v7e-m+fp/hard\libc_nano.a
LOAD C:/ST/STM32CubeIDE_1.19.0/STM32CubeIDE/plugins/com.st.stm32cube.ide.mcu.externaltools.gnu-tools-for-stm32.13.3.rel1.win32_1.0.0.202411081344/tools/bin/../lib/gcc/arm-none-eabi/13.3.1/../../../../arm-none-eabi/lib/thumb/v7e-m+fp/hard\libnosys.a
END GROUP
LOAD C:/ST/STM32CubeIDE_1.19.0/STM32CubeIDE/plugins/com.st.stm32cube.ide.mcu.externaltools.gnu-tools-for-stm32.13.3.rel1.win32_1.0.0.202411081344/tools/bin/../lib/gcc/arm-none-eabi/13.3.1/thumb/v7e-m+fp/hard/crtend.o
LOAD C:/ST/STM32CubeIDE_1.19.0/STM32CubeIDE/plugins/com.st.stm32cube.ide.mcu.externaltools.gnu-tools-for-stm32.13.3.rel1.win32_1.0.0.202411081344/tools/bin/../lib/gcc/arm-none-eabi/13.3.1/thumb/v7e-m+fp/hard/crtn.o
                0x20018000                        _estack = (ORIGIN (RAM) + LENGTH (RAM))
                0x00000200                        _Min_Heap_Size = 0x200
                0x00000400                        _Min_Stack_Size = 0x400

.isr_vector     0x08000000      0x18c
                0x08000000                        . = ALIGN (0x4)
 *(.isr_vector)
 .isr_vector    0x08000000      0x18c ./Startup/startup_stm32l476rgtx.o
                0x08000000                g_pfnVectors
                0x0800018c                        . = ALIGN (0x4)

.text           0x0800018c      0xc08
                0x0800018c                        . = ALIGN (0x4)
 *(.text)
 .text          0x0800018c       0x40 C:/ST/STM32CubeIDE_1.19.0/STM32CubeIDE/plugins/com.st.stm32cube.ide.mcu.externaltools.gnu-tools-for-stm32.13.3.rel1.win32_1.0.0.202411081344/tools/bin/../lib/gcc/arm-none-eabi/13.3.1/thumb/v7e-m+fp/hard/crtbegin.o
 *(.text*)
 .text.GPIO_PeriClockControl
                0x080001cc      0x19c ./Drivers/src/stm32l476xx_gpio.o
                0x080001cc                GPIO_PeriClockControl
 .text.GPIO_Init
                0x08000368      0x370 ./Drivers/src/stm32l476xx_gpio.o
                0x08000368                GPIO_Init
 .text.GPIO_WriteToOutputPin
                0x080006d8       0x42 ./Drivers/src/stm32l476xx_gpio.o
                0x080006d8                GPIO_WriteToOutputPin
 *fill*         0x0800071a        0x2 
 .text.SPI_PeriClockControl
                0x0800071c       0xb0 ./Drivers/src/stm32l476xx_spi.o
                0x0800071c                SPI_PeriClockControl
 .text.SPI_Init
                0x080007cc      0x102 ./Drivers/src/stm32l476xx_spi.o
                0x080007cc                SPI_Init
 *fill*         0x080008ce        0x2 
 .text.SPI_IRQConfig
                0x080008d0      0x158 ./Drivers/src/stm32l476xx_spi.o
                0x080008d0                SPI_IRQConfig
 .text.SPI_IRQHandling
                0x08000a28       0x90 ./Drivers/src/stm32l476xx_spi.o
                0x08000a28                SPI_IRQHandling
 .text.SPI_TXE_InterruptHandle
                0x08000ab8       0x54 ./Drivers/src/stm32l476xx_spi.o
 .text.SPI_RXNE_InterruptHandle
                0x08000b0c       0x6c ./Drivers/src/stm32l476xx_spi.o
 .text.SPI_TransmitReceive_IT
                0x08000b78       0x60 ./Drivers/src/stm32l476xx_spi.o
                0x08000b78                SPI_TransmitReceive_IT
 .text.SPI_GPIO_Init
                0x08000bd8       0x68 ./Src/main.o
                0x08000bd8                SPI_GPIO_Init
 .text.SPI1_IRQHandler
                0x08000c40       0x14 ./Src/main.o
                0x08000c40                SPI1_IRQHandler
 .text.main     0x08000c54       0x8c ./Src/main.o
                0x08000c54                main
 .text.Reset_Handler
                0x08000ce0       0x50 ./Startup/startup_stm32l476rgtx.o
                0x08000ce0                Reset_Handler
 .text.Default_Handler
                0x08000d30        0x2 ./Startup/startup_stm32l476rgtx.o
                0x08000d30                EXTI2_IRQHandler
                0x08000d30                TIM8_TRG_COM_IRQHandler
                0x08000d30                TIM8_CC_IRQHandler
                0x08000d30                DebugMon_Handler
                0x08000d30                DMA1_CH4_IRQHandler
                0x08000d30                TIM1_CC_IRQHandler
                0x08000d30                TSC_IRQHandler
                0x08000d30                HardFault_Handler
                0x08000d30                SysTick_Handler
                0x08000d30                TAMP_STAMP_IRQHandler
                0x08000d30                PendSV_Handler
                0x08000d30                NMI_Handler
                0x08000d30                EXTI3_IRQHandler
                0x08000d30                LPTIM2_IRQHandler
                0x08000d30                DFSDM1_FLT1_IRQHandler
                0x08000d30                I2C3_ER_IRQHandler
                0x08000d30                DFSDM1_FLT2_IRQHandler
                0x08000d30                TIM6_DACUNDER_IRQHandler
                0x08000d30                EXTI0_IRQHandler
                0x08000d30                I2C2_EV_IRQHandler
                0x08000d30                DMA2_CH1_IRQHandler
                0x08000d30                CAN1_RX0_IRQHandler
                0x08000d30                FPU_IRQHandler
                0x08000d30                TIM1_UP_TIM16_IRQHandler
                0x08000d30                DMA2_CH7_IRQHandler
                0x08000d30                UsageFault_Handler
                0x08000d30                ADC1_2_IRQHandler
                0x08000d30                DMA1_CH7_IRQHandler
                0x08000d30                TIM8_UP_IRQHandler
                0x08000d30                RTC_ALARM_IRQHandler
                0x08000d30                SAI2_IRQHandler
                0x08000d30                DFSDM1_FLT3_IRQHandler
                0x08000d30                DMA1_CH6_IRQHandler
                0x08000d30                USART3_IRQHandler
                0x08000d30                CAN1_RX1_IRQHandler
                0x08000d30                LCD_IRQHandler
                0x08000d30                UART5_IRQHandler
                0x08000d30                ADC3_IRQHandler
                0x08000d30                TIM4_IRQHandler
                0x08000d30                QUADSPI_IRQHandler
                0x08000d30                I2C1_EV_IRQHandler
                0x08000d30                DMA2_CH5_IRQHandler
                0x08000d30                UART4_IRQHandler
                0x08000d30                DMA1_CH3_IRQHandler
                0x08000d30                TIM3_IRQHandler
                0x08000d30                RCC_IRQHandler
                0x08000d30                Default_Handler
                0x08000d30                EXTI15_10_IRQHandler
                0x08000d30                TIM7_IRQHandler
                0x08000d30                SDMMC1_IRQHandler
                0x08000d30                TIM5_IRQHandler
                0x08000d30                I2C3_EV_IRQHandler
                0x08000d30                EXTI9_5_IRQHandler
                0x08000d30                DMA1_CH2_IRQHandler
                0x08000d30                RTC_WKUP_IRQHandler
                0x08000d30                PVD_PVM_IRQHandler
                0x08000d30                SPI2_IRQHandler
                0x08000d30                DMA1_CH1_IRQHandler
                0x08000d30                MemManage_Handler
                0x08000d30                CAN1_TX_IRQHandler
                0x08000d30                SVC_Handler
                0x08000d30                CRS_IRQHandler
                0x08000d30                EXTI4_IRQHandler
                0x08000d30                RNG_IRQHandler
                0x08000d30                TIM1_TRG_COM_TIM17_IRQHandler
                0x08000d30                COMP_IRQHandler
                0x08000d30                WWDG_IRQHandler
                0x08000d30                LPUART1_IRQHandler
                0x08000d30                TIM2_IRQHandler
                0x08000d30                EXTI1_IRQHandler
                0x08000d30                USART2_IRQHandler
                0x08000d30                DFSDM1_FLT0_IRQHandler
                0x08000d30                I2C2_ER_IRQHandler
                0x08000d30                TIM8_BRK_IRQHandler
                0x08000d30                CAN1_SCE_IRQHandler
                0x08000d30                FLASH_IRQHandler
                0x08000d30                BusFault_Handler
                0x08000d30                USART1_IRQHandler
                0x08000d30                OTG_FS_IRQHandler
                0x08000d30                SPI3_IRQHandler
                0x08000d30                DMA2_CH6_IRQHandler
                0x08000d30                DMA2_CH3_IRQHandler
                0x08000d30                DMA2_CH2_IRQHandler
                0x08000d30                I2C1_ER_IRQHandler
                0x08000d30                FMC_IRQHandler
                0x08000d30                DMA1_CH5_IRQHandler
                0x08000d30                DMA2_CH4_IRQHandler
                0x08000d30                SWPMI1_IRQHandler
                0x08000d30                LPTIM1_IRQHandler
                0x08000d30                SAI1_IRQHandler
                0x08000d30                TIM1_BRK_TIM15_IRQHandler
 *fill*         0x08000d32        0x2 
 .text.__libc_init_array
                0x08000d34       0x48 C:/ST/STM32CubeIDE_1.19.0/STM32CubeIDE/plugins/com.st.stm32cube.ide.mcu.externaltools.gnu-tools-for-stm32.13.3.rel1.win32_1.0.0.202411081344/tools/bin/../lib/gcc/arm-none-eabi/13.3.1/../../../../arm-none-eabi/lib/thumb/v7e-m+fp/hard\libc_nano.a(libc_a-init.o)
                0x08000d34                __libc_init_array
 *(.glue_7)
 .glue_7        0x08000d7c        0x0 linker stubs
 *(.glue_7t)
 .glue_7t       0x08000d7c        0x0 linker stubs
 *(.eh_frame)
 .eh_frame      0x08000d7c        0x0 C:/ST/STM32CubeIDE_1.19.0/STM32CubeIDE/plugins/com.st.stm32cube.ide.mcu.externaltools.gnu-tools-for-stm32.13.3.rel1.win32_1.0.0.202411081344/tools/bin/../lib/gcc/arm-none-eabi/13.3.1/thumb/v7e-m+fp/hard/crtbegin.o
 *(.init)
 .init          0x08000d7c        0x4 C:/ST/STM32CubeIDE_1.19.0/STM32CubeIDE/plugins/com.st.stm32cube.ide.mcu.externaltools.gnu-tools-for-stm32.13.3.rel1.win32_1.0.0.202411081344/tools/bin/../lib/gcc/arm-none-eabi/13.3.1/thumb/v7e-m+fp/hard/crti.o
                0x08000d7c                _init
 .init          0x08000d80        0x8 C:/ST/STM32CubeIDE_1.19.0/STM32CubeIDE/plugins/com.st.stm32cube.ide.mcu.externaltools.gnu-tools-for-stm32.13.3.rel1.win32_1.0.0.202411081344/tools/bin/../lib/gcc/arm-none-eabi/13.3.1/thumb/v7e-m+fp/hard/crtn.o
 *(.fini)
 .fini          0x08000d88        0x4 C:/ST/STM32CubeIDE_1.19.0/STM32CubeIDE/plugins/com.st.stm32cube.ide.mcu.externaltools.gnu-tools-for-stm32.13.3.rel1.win32_1.0.0.202411081344/tools/bin/../lib/gcc/arm-none-eabi/13.3.1/thumb/v7e-m+fp/hard/crti.o
                0x08000d88                _fini
 .fini          0x08000d8c        0x8 C:/ST/STM32CubeIDE_1.19.0/STM32CubeIDE/plugins/com.st.stm32cube.ide.mcu.externaltools.gnu-tools-for-stm32.13.3.rel1.win32_1.0.0.202411081344/tools/bin/../lib/gcc/arm-none-eabi/13.3.1/thumb/v7e-m+fp/hard/crtn.o
                0x08000d94                        . = ALIGN (0x4)
                0x08000d94                        _etext = .

.vfp11_veneer   0x08000d94        0x0
 .vfp11_veneer  0x08000d94        0x0 linker stubs

.v4_bx          0x08000d94        0x0
 .v4_bx         0x08000d94        0x0 linker stubs

.iplt           0x08000d94        0x0
 .iplt          0x08000d94        0x0 C:/ST/STM32CubeIDE_1.19.0/STM32CubeIDE/plugins/com.st.stm32cube.ide.mcu.externaltools.gnu-tools-for-stm32.13.3.rel1.win32_1.0.0.202411081344/tools/bin/../lib/gcc/arm-none-eabi/13.3.1/thumb/v7e-m+fp/hard/crtbegin.o

.rodata         0x08000d94        0x0
                0x08000d94                        . = ALIGN (0x4)
 *(.rodata)
 *(.rodata*)
                0x08000d94                        . = ALIGN (0x4)

.ARM.extab      0x08000d94        0x0
                0x08000d94                        . = ALIGN (0x4)
 *(.ARM.extab* .gnu.linkonce.armextab.*)
                0x08000d94                        . = ALIGN (0x4)

.ARM            0x08000d94        0x0
                0x08000d94                        . = ALIGN (0x4)
                0x08000d94                        __exidx_start = .
 *(.ARM.exidx*)
                0x08000d94                        __exidx_end = .
                0x08000d94                        . = ALIGN (0x4)

.preinit_array  0x08000d94        0x0
                0x08000d94                        . = ALIGN (0x4)
                0x08000d94                        PROVIDE (__preinit_array_start = .)
 *(.preinit_array*)
                0x08000d94                        PROVIDE (__preinit_array_end = .)
                0x08000d94                        . = ALIGN (0x4)

.init_array     0x08000d94        0x4
                0x08000d94                        . = ALIGN (0x4)
                0x08000d94                        PROVIDE (__init_array_start = .)
 *(SORT_BY_NAME(.init_array.*))
 *(.init_array*)
 .init_array    0x08000d94        0x4 C:/ST/STM32CubeIDE_1.19.0/STM32CubeIDE/plugins/com.st.stm32cube.ide.mcu.externaltools.gnu-tools-for-stm32.13.3.rel1.win32_1.0.0.202411081344/tools/bin/../lib/gcc/arm-none-eabi/13.3.1/thumb/v7e-m+fp/hard/crtbegin.o
                0x08000d98                        PROVIDE (__init_array_end = .)
                0x08000d98                        . = ALIGN (0x4)

.fini_array     0x08000d98        0x4
                0x08000d98                        . = ALIGN (0x4)
                [!provide]                        PROVIDE (__fini_array_start = .)
 *(SORT_BY_NAME(.fini_array.*))
 *(.fini_array*)
 .fini_array    0x08000d98        0x4 C:/ST/STM32CubeIDE_1.19.0/STM32CubeIDE/plugins/com.st.stm32cube.ide.mcu.externaltools.gnu-tools-for-stm32.13.3.rel1.win32_1.0.0.202411081344/tools/bin/../lib/gcc/arm-none-eabi/13.3.1/thumb/v7e-m+fp/hard/crtbegin.o
                [!provide]                        PROVIDE (__fini_array_end = .)
                0x08000d9c                        . = ALIGN (0x4)
                0x08000d9c                        _sidata = LOADADDR (.data)

.rel.dyn        0x08000d9c        0x0
 .rel.iplt      0x08000d9c        0x0 C:/ST/STM32CubeIDE_1.19.0/STM32CubeIDE/plugins/com.st.stm32cube.ide.mcu.externaltools.gnu-tools-for-stm32.13.3.rel1.win32_1.0.0.202411081344/tools/bin/../lib/gcc/arm-none-eabi/13.3.1/thumb/v7e-m+fp/hard/crtbegin.o

.data           0x20000000        0x4 load address 0x08000d9c
                0x20000000                        . = ALIGN (0x4)
                0x20000000                        _sdata = .
 *(.data)
 *(.data*)
 .data.tx_data  0x20000000        0x1 ./Src/main.o
                0x20000000                tx_data
 *(.RamFunc)
 *(.RamFunc*)
                0x20000004                        . = ALIGN (0x4)
 *fill*         0x20000001        0x3 
                0x20000004                        _edata = .
                0x08000da0                        _sisram2 = LOADADDR (.sram2)

.igot.plt       0x20000004        0x0 load address 0x08000da0
 .igot.plt      0x20000004        0x0 C:/ST/STM32CubeIDE_1.19.0/STM32CubeIDE/plugins/com.st.stm32cube.ide.mcu.externaltools.gnu-tools-for-stm32.13.3.rel1.win32_1.0.0.202411081344/tools/bin/../lib/gcc/arm-none-eabi/13.3.1/thumb/v7e-m+fp/hard/crtbegin.o

.sram2          0x10000000        0x0 load address 0x08000da0
                0x10000000                        . = ALIGN (0x4)
                0x10000000                        _ssram2 = .
 *(.sram2)
 *(.sram2*)
                0x10000000                        . = ALIGN (0x4)
                0x10000000                        _esram2 = .
                0x10000000                        . = ALIGN (0x4)

.bss            0x20000004       0x40
                0x20000004                        _sbss = .
                0x20000004                        __bss_start__ = _sbss
 *(.bss)
 .bss           0x20000004       0x1c C:/ST/STM32CubeIDE_1.19.0/STM32CubeIDE/plugins/com.st.stm32cube.ide.mcu.externaltools.gnu-tools-for-stm32.13.3.rel1.win32_1.0.0.202411081344/tools/bin/../lib/gcc/arm-none-eabi/13.3.1/thumb/v7e-m+fp/hard/crtbegin.o
 *(.bss*)
 .bss.SPI1Handle
                0x20000020       0x20 ./Src/main.o
                0x20000020                SPI1Handle
 .bss.debug_tx  0x20000040        0x1 ./Src/main.o
                0x20000040                debug_tx
 .bss.debug_rx  0x20000041        0x1 ./Src/main.o
                0x20000041                debug_rx
 .bss.rx_data   0x20000042        0x1 ./Src/main.o
                0x20000042                rx_data
 *(COMMON)
                0x20000044                        . = ALIGN (0x4)
 *fill*         0x20000043        0x1 
                0x20000044                        _ebss = .
                0x20000044                        __bss_end__ = _ebss

._user_heap_stack
                0x20000044      0x604
                0x20000048                        . = ALIGN (0x8)
 *fill*         0x20000044        0x4 
                [!provide]                        PROVIDE (end = .)
                0x20000048                        PROVIDE (_end = .)
                0x20000248                        . = (. + _Min_Heap_Size)
 *fill*         0x20000048      0x200 
                0x20000648                        . = (. + _Min_Stack_Size)
 *fill*         0x20000248      0x400 
                0x20000648                        . = ALIGN (0x8)

/DISCARD/
 libc.a(*)
 libm.a(*)
 libgcc.a(*)

.ARM.attributes
                0x00000000       0x30
 *(.ARM.attributes)
 .ARM.attributes
                0x00000000       0x22 C:/ST/STM32CubeIDE_1.19.0/STM32CubeIDE/plugins/com.st.stm32cube.ide.mcu.externaltools.gnu-tools-for-stm32.13.3.rel1.win32_1.0.0.202411081344/tools/bin/../lib/gcc/arm-none-eabi/13.3.1/thumb/v7e-m+fp/hard/crti.o
 .ARM.attributes
                0x00000022       0x34 C:/ST/STM32CubeIDE_1.19.0/STM32CubeIDE/plugins/com.st.stm32cube.ide.mcu.externaltools.gnu-tools-for-stm32.13.3.rel1.win32_1.0.0.202411081344/tools/bin/../lib/gcc/arm-none-eabi/13.3.1/thumb/v7e-m+fp/hard/crtbegin.o
 .ARM.attributes
                0x00000056       0x34 ./Drivers/src/stm32l476xx_gpio.o
 .ARM.attributes
                0x0000008a       0x34 ./Drivers/src/stm32l476xx_spi.o
 .ARM.attributes
                0x000000be       0x34 ./Src/main.o
 .ARM.attributes
                0x000000f2       0x21 ./Startup/startup_stm32l476rgtx.o
 .ARM.attributes
                0x00000113       0x34 C:/ST/STM32CubeIDE_1.19.0/STM32CubeIDE/plugins/com.st.stm32cube.ide.mcu.externaltools.gnu-tools-for-stm32.13.3.rel1.win32_1.0.0.202411081344/tools/bin/../lib/gcc/arm-none-eabi/13.3.1/../../../../arm-none-eabi/lib/thumb/v7e-m+fp/hard\libc_nano.a(libc_a-init.o)
 .ARM.attributes
                0x00000147       0x22 C:/ST/STM32CubeIDE_1.19.0/STM32CubeIDE/plugins/com.st.stm32cube.ide.mcu.externaltools.gnu-tools-for-stm32.13.3.rel1.win32_1.0.0.202411081344/tools/bin/../lib/gcc/arm-none-eabi/13.3.1/thumb/v7e-m+fp/hard/crtn.o
OUTPUT(32_SPI_Interrupt_BareMetal.elf elf32-littlearm)
LOAD linker stubs
LOAD C:/ST/STM32CubeIDE_1.19.0/STM32CubeIDE/plugins/com.st.stm32cube.ide.mcu.externaltools.gnu-tools-for-stm32.13.3.rel1.win32_1.0.0.202411081344/tools/bin/../lib/gcc/arm-none-eabi/13.3.1/../../../../arm-none-eabi/lib/thumb/v7e-m+fp/hard\libc.a
LOAD C:/ST/STM32CubeIDE_1.19.0/STM32CubeIDE/plugins/com.st.stm32cube.ide.mcu.externaltools.gnu-tools-for-stm32.13.3.rel1.win32_1.0.0.202411081344/tools/bin/../lib/gcc/arm-none-eabi/13.3.1/../../../../arm-none-eabi/lib/thumb/v7e-m+fp/hard\libm.a
LOAD C:/ST/STM32CubeIDE_1.19.0/STM32CubeIDE/plugins/com.st.stm32cube.ide.mcu.externaltools.gnu-tools-for-stm32.13.3.rel1.win32_1.0.0.202411081344/tools/bin/../lib/gcc/arm-none-eabi/13.3.1/thumb/v7e-m+fp/hard\libgcc.a

.debug_info     0x00000000     0x146f
 .debug_info    0x00000000      0x7dc ./Drivers/src/stm32l476xx_gpio.o
 .debug_info    0x000007dc      0x7ba ./Drivers/src/stm32l476xx_spi.o
 .debug_info    0x00000f96      0x4a9 ./Src/main.o
 .debug_info    0x0000143f       0x30 ./Startup/startup_stm32l476rgtx.o

.debug_abbrev   0x00000000      0x4ff
 .debug_abbrev  0x00000000      0x1ac ./Drivers/src/stm32l476xx_gpio.o
 .debug_abbrev  0x000001ac      0x1cc ./Drivers/src/stm32l476xx_spi.o
 .debug_abbrev  0x00000378      0x163 ./Src/main.o
 .debug_abbrev  0x000004db       0x24 ./Startup/startup_stm32l476rgtx.o

.debug_aranges  0x00000000      0x148
 .debug_aranges
                0x00000000       0x70 ./Drivers/src/stm32l476xx_gpio.o
 .debug_aranges
                0x00000070       0x80 ./Drivers/src/stm32l476xx_spi.o
 .debug_aranges
                0x000000f0       0x30 ./Src/main.o
 .debug_aranges
                0x00000120       0x28 ./Startup/startup_stm32l476rgtx.o

.debug_rnglists
                0x00000000       0xee
 .debug_rnglists
                0x00000000       0x54 ./Drivers/src/stm32l476xx_gpio.o
 .debug_rnglists
                0x00000054       0x61 ./Drivers/src/stm32l476xx_spi.o
 .debug_rnglists
                0x000000b5       0x20 ./Src/main.o
 .debug_rnglists
                0x000000d5       0x19 ./Startup/startup_stm32l476rgtx.o

.debug_macro    0x00000000     0x203f
 .debug_macro   0x00000000       0x8a ./Drivers/src/stm32l476xx_gpio.o
 .debug_macro   0x0000008a      0xade ./Drivers/src/stm32l476xx_gpio.o
 .debug_macro   0x00000b68       0x22 ./Drivers/src/stm32l476xx_gpio.o
 .debug_macro   0x00000b8a       0x8e ./Drivers/src/stm32l476xx_gpio.o
 .debug_macro   0x00000c18       0x51 ./Drivers/src/stm32l476xx_gpio.o
 .debug_macro   0x00000c69      0x103 ./Drivers/src/stm32l476xx_gpio.o
 .debug_macro   0x00000d6c       0x6a ./Drivers/src/stm32l476xx_gpio.o
 .debug_macro   0x00000dd6      0x1df ./Drivers/src/stm32l476xx_gpio.o
 .debug_macro   0x00000fb5      0x190 ./Drivers/src/stm32l476xx_gpio.o
 .debug_macro   0x00001145      0x351 ./Drivers/src/stm32l476xx_gpio.o
 .debug_macro   0x00001496       0x64 ./Drivers/src/stm32l476xx_gpio.o
 .debug_macro   0x000014fa       0x8a ./Drivers/src/stm32l476xx_spi.o
 .debug_macro   0x00001584       0xac ./Drivers/src/stm32l476xx_spi.o
 .debug_macro   0x00001630      0x16e ./Src/main.o
 .debug_macro   0x0000179e       0x6a ./Src/main.o
 .debug_macro   0x00001808       0x2e ./Src/main.o
 .debug_macro   0x00001836       0x61 ./Src/main.o
 .debug_macro   0x00001897       0x2a ./Src/main.o
 .debug_macro   0x000018c1       0x43 ./Src/main.o
 .debug_macro   0x00001904       0x34 ./Src/main.o
 .debug_macro   0x00001938      0x370 ./Src/main.o
 .debug_macro   0x00001ca8       0x16 ./Src/main.o
 .debug_macro   0x00001cbe       0x4a ./Src/main.o
 .debug_macro   0x00001d08       0x34 ./Src/main.o
 .debug_macro   0x00001d3c       0x10 ./Src/main.o
 .debug_macro   0x00001d4c       0x58 ./Src/main.o
 .debug_macro   0x00001da4       0x8e ./Src/main.o
 .debug_macro   0x00001e32       0x1c ./Src/main.o
 .debug_macro   0x00001e4e      0x185 ./Src/main.o
 .debug_macro   0x00001fd3       0x10 ./Src/main.o
 .debug_macro   0x00001fe3       0x3c ./Src/main.o
 .debug_macro   0x0000201f       0x20 ./Src/main.o

.debug_line     0x00000000     0x19c5
 .debug_line    0x00000000      0x95f ./Drivers/src/stm32l476xx_gpio.o
 .debug_line    0x0000095f      0x977 ./Drivers/src/stm32l476xx_spi.o
 .debug_line    0x000012d6      0x674 ./Src/main.o
 .debug_line    0x0000194a       0x7b ./Startup/startup_stm32l476rgtx.o

.debug_str      0x00000000     0x8d7c
 .debug_str     0x00000000     0x8d7c ./Drivers/src/stm32l476xx_gpio.o
                               0x57e7 (size before relaxing)
 .debug_str     0x00008d7c     0x589a ./Drivers/src/stm32l476xx_spi.o
 .debug_str     0x00008d7c     0x8b47 ./Src/main.o
 .debug_str     0x00008d7c       0x5d ./Startup/startup_stm32l476rgtx.o

.comment        0x00000000       0x43
 .comment       0x00000000       0x43 ./Drivers/src/stm32l476xx_gpio.o
                                 0x44 (size before relaxing)
 .comment       0x00000043       0x44 ./Drivers/src/stm32l476xx_spi.o
 .comment       0x00000043       0x44 ./Src/main.o

.debug_frame    0x00000000      0x470
 .debug_frame   0x00000000      0x1c8 ./Drivers/src/stm32l476xx_gpio.o
 .debug_frame   0x000001c8      0x210 ./Drivers/src/stm32l476xx_spi.o
 .debug_frame   0x000003d8       0x6c ./Src/main.o
 .debug_frame   0x00000444       0x2c C:/ST/STM32CubeIDE_1.19.0/STM32CubeIDE/plugins/com.st.stm32cube.ide.mcu.externaltools.gnu-tools-for-stm32.13.3.rel1.win32_1.0.0.202411081344/tools/bin/../lib/gcc/arm-none-eabi/13.3.1/../../../../arm-none-eabi/lib/thumb/v7e-m+fp/hard\libc_nano.a(libc_a-init.o)

.debug_line_str
                0x00000000       0x41
 .debug_line_str
                0x00000000       0x41 ./Startup/startup_stm32l476rgtx.o
