../Core/Src/main.c:7:5:_write	24	static
../Core/Src/main.c:20:13:OPT3001_Write	32	static
../Core/Src/main.c:30:17:OPT3001_ReadReg	32	static
../Core/Src/main.c:39:13:opt3001_init	8	static
../Core/Src/main.c:43:14:opt3001_read_lux	16	static
../Core/Src/main.c:52:6:I2C2_Scan	16	static
../Core/Src/main.c:66:6:SystemClock_Config	96	static
../Core/Src/main.c:101:13:MX_I2C2_Init	8	static
../Core/Src/main.c:127:13:MX_USART2_UART_Init	8	static
../Core/Src/main.c:145:13:MX_GPIO_Init	48	static
../Core/Src/main.c:168:6:Error_Handler	4	static,ignoring_inline_asm
../Core/Src/main.c:177:5:main	8	static
