../Core/Src/main.c:23:6:Flash_Select	8	static
../Core/Src/main.c:28:6:Flash_Deselect	8	static
../Core/Src/main.c:33:6:W25Q_WriteEnable	16	static
../Core/Src/main.c:42:6:W25Q_WriteHalfWord	24	static
../Core/Src/main.c:67:10:W25Q_ReadHalfWord	24	static
../Core/Src/main.c:87:6:W25Q_EraseSector	24	static
../Core/Src/main.c:105:6:delay_us	24	static
../Core/Src/main.c:115:10:ultrasonic_read	16	static
../Core/Src/main.c:144:5:main	16	static
../Core/Src/main.c:190:6:SystemClock_Config	96	static
../Core/Src/main.c:226:13:MX_SPI1_Init	8	static
../Core/Src/main.c:247:13:MX_USART2_UART_Init	8	static
../Core/Src/main.c:265:13:MX_GPIO_Init	48	static
../Core/Src/main.c:302:6:Error_Handler	4	static,ignoring_inline_asm
