17:33:44 **** Incremental Build of configuration Debug for project 11_HAL_UART_TxToRxCopy_DMA ****
make -j12 all 
arm-none-eabi-gcc "../Src/main.c" -mcpu=cortex-m4 -std=gnu11 -g3 -DUSE_HAL_DRIVER -DSTM32L476xx -c -I../Inc -I"D:/STM32/11_HAL_UART_TxToRxCopy_DMA/Drivers/CMSIS/Include" -I"D:/STM32/11_HAL_UART_TxToRxCopy_DMA/Drivers/CMSIS/Device/ST/STM32L4xx/Include" -I"D:/STM32/11_HAL_UART_TxToRxCopy_DMA/Drivers/STM32L4xx_HAL_Driver/Inc" -O0 -ffunction-sections -fdata-sections -Wall -fstack-usage -fcyclomatic-complexity -MMD -MP -MF"Src/main.d" -MT"Src/main.o" --specs=nano.specs -mfpu=fpv4-sp-d16 -mfloat-abi=hard -mthumb -o "Src/main.o"
arm-none-eabi-gcc -o "11_HAL_UART_TxToRxCopy_DMA.elf" @"objects.list"   -mcpu=cortex-m4 -T"D:\STM32\11_HAL_UART_TxToRxCopy_DMA\STM32L476RGTX_FLASH.ld" --specs=nosys.specs -Wl,-Map="11_HAL_UART_TxToRxCopy_DMA.map" -Wl,--gc-sections -static --specs=nano.specs -mfpu=fpv4-sp-d16 -mfloat-abi=hard -mthumb -Wl,--start-group -lc -lm -Wl,--end-group
Finished building target: 11_HAL_UART_TxToRxCopy_DMA.elf
 
arm-none-eabi-size  11_HAL_UART_TxToRxCopy_DMA.elf 
arm-none-eabi-objdump -h -S 11_HAL_UART_TxToRxCopy_DMA.elf  > "11_HAL_UART_TxToRxCopy_DMA.list"
   text	   data	    bss	    dec	    hex	filename
  14232	     12	   1900	  16144	   3f10	11_HAL_UART_TxToRxCopy_DMA.elf
Finished building: default.size.stdout
 
Finished building: 11_HAL_UART_TxToRxCopy_DMA.list
 

17:33:45 Build Finished. 0 errors, 0 warnings. (took 832ms)

