14:18:43 **** Incremental Build of configuration Debug for project 17_HAL_RTC ****
make -j12 all 
arm-none-eabi-gcc "../Src/main.c" -mcpu=cortex-m4 -std=gnu11 -g3 -DUSE_HAL_DRIVER -DSTM32L476xx -c -I../Inc -I"D:/STM32/17_HAL_RTC/Drivers/CMSIS/Include" -I"D:/STM32/17_HAL_RTC/Drivers/CMSIS/Device/ST/STM32L4xx/Include" -I"D:/STM32/17_HAL_RTC/Drivers/STM32L4xx_HAL_Driver/Inc" -O0 -ffunction-sections -fdata-sections -Wall -fstack-usage -fcyclomatic-complexity -MMD -MP -MF"Src/main.d" -MT"Src/main.o" --specs=nano.specs -mfpu=fpv4-sp-d16 -mfloat-abi=hard -mthumb -o "Src/main.o"
arm-none-eabi-gcc -o "17_HAL_RTC.elf" @"objects.list"   -mcpu=cortex-m4 -T"D:\STM32\17_HAL_RTC\STM32L476RGTX_FLASH.ld" --specs=nosys.specs -Wl,-Map="17_HAL_RTC.map" -Wl,--gc-sections -static --specs=nano.specs -mfpu=fpv4-sp-d16 -mfloat-abi=hard -mthumb -Wl,--start-group -lc -lm -Wl,--end-group
Finished building target: 17_HAL_RTC.elf
 
arm-none-eabi-size  17_HAL_RTC.elf 
arm-none-eabi-objdump -h -S 17_HAL_RTC.elf  > "17_HAL_RTC.list"
   text	   data	    bss	    dec	    hex	filename
  19256	    104	   2080	  21440	   53c0	17_HAL_RTC.elf
Finished building: default.size.stdout
 
Finished building: 17_HAL_RTC.list
 

14:18:44 Build Finished. 0 errors, 0 warnings. (took 820ms)

