09:37:52 **** Incremental Build of configuration Debug for project 19_GPIO_Interrupt ****
make -j12 all 
arm-none-eabi-gcc "../Src/main.c" -mcpu=cortex-m4 -std=gnu11 -g3 -DDEBUG -DSTM32L4 -DSTM32 -DSTM32L476RGTx -c -I../Inc -I"D:/STM32/19_GPIO_Interrupt/Drivers/inc" -O0 -ffunction-sections -fdata-sections -Wall -fstack-usage -fcyclomatic-complexity -MMD -MP -MF"Src/main.d" -MT"Src/main.o" --specs=nano.specs -mfpu=fpv4-sp-d16 -mfloat-abi=hard -mthumb -o "Src/main.o"
arm-none-eabi-gcc "../Drivers/src/stm32l476xx_gpio.c" -mcpu=cortex-m4 -std=gnu11 -g3 -DDEBUG -DSTM32L4 -DSTM32 -DSTM32L476RGTx -c -I../Inc -I"D:/STM32/19_GPIO_Interrupt/Drivers/inc" -O0 -ffunction-sections -fdata-sections -Wall -fstack-usage -fcyclomatic-complexity -MMD -MP -MF"Drivers/src/stm32l476xx_gpio.d" -MT"Drivers/src/stm32l476xx_gpio.o" --specs=nano.specs -mfpu=fpv4-sp-d16 -mfloat-abi=hard -mthumb -o "Drivers/src/stm32l476xx_gpio.o"
arm-none-eabi-gcc -o "19_GPIO_Interrupt.elf" @"objects.list"   -mcpu=cortex-m4 -T"D:\STM32\19_GPIO_Interrupt\STM32L476RGTX_FLASH.ld" --specs=nosys.specs -Wl,-Map="19_GPIO_Interrupt.map" -Wl,--gc-sections -static --specs=nano.specs -mfpu=fpv4-sp-d16 -mfloat-abi=hard -mthumb -Wl,--start-group -lc -lm -Wl,--end-group
Finished building target: 19_GPIO_Interrupt.elf
 
arm-none-eabi-size  19_GPIO_Interrupt.elf 
arm-none-eabi-objdump -h -S 19_GPIO_Interrupt.elf  > "19_GPIO_Interrupt.list"
   text	   data	    bss	    dec	    hex	filename
   2504	      0	   1568	   4072	    fe8	19_GPIO_Interrupt.elf
Finished building: default.size.stdout
 
Finished building: 19_GPIO_Interrupt.list
 

09:37:52 Build Finished. 0 errors, 0 warnings. (took 523ms)

