14:09:01 **** Build of configuration Debug for project 20_SPI_Driver ****
make -j12 all 
arm-none-eabi-gcc "../Src/main.c" -mcpu=cortex-m4 -std=gnu11 -g3 -DDEBUG -DSTM32L4 -DSTM32 -DSTM32L476RGTx -c -I../Inc -I"D:/STM32/20_SPI_Driver/Drivers/inc" -O0 -ffunction-sections -fdata-sections -Wall -fstack-usage -fcyclomatic-complexity -MMD -MP -MF"Src/main.d" -MT"Src/main.o" --specs=nano.specs -mfpu=fpv4-sp-d16 -mfloat-abi=hard -mthumb -o "Src/main.o"
arm-none-eabi-gcc "../Src/syscalls.c" -mcpu=cortex-m4 -std=gnu11 -g3 -DDEBUG -DSTM32L4 -DSTM32 -DSTM32L476RGTx -c -I../Inc -I"D:/STM32/20_SPI_Driver/Drivers/inc" -O0 -ffunction-sections -fdata-sections -Wall -fstack-usage -fcyclomatic-complexity -MMD -MP -MF"Src/syscalls.d" -MT"Src/syscalls.o" --specs=nano.specs -mfpu=fpv4-sp-d16 -mfloat-abi=hard -mthumb -o "Src/syscalls.o"
arm-none-eabi-gcc "../Src/sysmem.c" -mcpu=cortex-m4 -std=gnu11 -g3 -DDEBUG -DSTM32L4 -DSTM32 -DSTM32L476RGTx -c -I../Inc -I"D:/STM32/20_SPI_Driver/Drivers/inc" -O0 -ffunction-sections -fdata-sections -Wall -fstack-usage -fcyclomatic-complexity -MMD -MP -MF"Src/sysmem.d" -MT"Src/sysmem.o" --specs=nano.specs -mfpu=fpv4-sp-d16 -mfloat-abi=hard -mthumb -o "Src/sysmem.o"
arm-none-eabi-gcc "../Src/w25qxx.c" -mcpu=cortex-m4 -std=gnu11 -g3 -DDEBUG -DSTM32L4 -DSTM32 -DSTM32L476RGTx -c -I../Inc -I"D:/STM32/20_SPI_Driver/Drivers/inc" -O0 -ffunction-sections -fdata-sections -Wall -fstack-usage -fcyclomatic-complexity -MMD -MP -MF"Src/w25qxx.d" -MT"Src/w25qxx.o" --specs=nano.specs -mfpu=fpv4-sp-d16 -mfloat-abi=hard -mthumb -o "Src/w25qxx.o"
arm-none-eabi-gcc "../Drivers/src/stm32l476xx_gpio.c" -mcpu=cortex-m4 -std=gnu11 -g3 -DDEBUG -DSTM32L4 -DSTM32 -DSTM32L476RGTx -c -I../Inc -I"D:/STM32/20_SPI_Driver/Drivers/inc" -O0 -ffunction-sections -fdata-sections -Wall -fstack-usage -fcyclomatic-complexity -MMD -MP -MF"Drivers/src/stm32l476xx_gpio.d" -MT"Drivers/src/stm32l476xx_gpio.o" --specs=nano.specs -mfpu=fpv4-sp-d16 -mfloat-abi=hard -mthumb -o "Drivers/src/stm32l476xx_gpio.o"
arm-none-eabi-gcc "../Drivers/src/stm32l476xx_spi.c" -mcpu=cortex-m4 -std=gnu11 -g3 -DDEBUG -DSTM32L4 -DSTM32 -DSTM32L476RGTx -c -I../Inc -I"D:/STM32/20_SPI_Driver/Drivers/inc" -O0 -ffunction-sections -fdata-sections -Wall -fstack-usage -fcyclomatic-complexity -MMD -MP -MF"Drivers/src/stm32l476xx_spi.d" -MT"Drivers/src/stm32l476xx_spi.o" --specs=nano.specs -mfpu=fpv4-sp-d16 -mfloat-abi=hard -mthumb -o "Drivers/src/stm32l476xx_spi.o"
../Src/w25qxx.c: In function 'W25Q_Init':
../Src/w25qxx.c:12:20: warning: implicit declaration of function 'GPIO_WriteToOutputPin' [-Wimplicit-function-declaration]
   12 | #define CS_HIGH()  GPIO_WriteToOutputPin(GPIOA, 4, 1)
      |                    ^~~~~~~~~~~~~~~~~~~~~
../Src/w25qxx.c:16:9: note: in expansion of macro 'CS_HIGH'
   16 |         CS_HIGH();
      |         ^~~~~~~
arm-none-eabi-gcc -o "20_SPI_Driver.elf" @"objects.list"   -mcpu=cortex-m4 -T"D:\STM32\20_SPI_Driver\STM32L476RGTX_FLASH.ld" --specs=nosys.specs -Wl,-Map="20_SPI_Driver.map" -Wl,--gc-sections -static --specs=nano.specs -mfpu=fpv4-sp-d16 -mfloat-abi=hard -mthumb -Wl,--start-group -lc -lm -Wl,--end-group
Finished building target: 20_SPI_Driver.elf
 
arm-none-eabi-size  20_SPI_Driver.elf 
arm-none-eabi-objdump -h -S 20_SPI_Driver.elf  > "20_SPI_Driver.list"
   text	   data	    bss	    dec	    hex	filename
   2712	      4	   1580	   4296	   10c8	20_SPI_Driver.elf
Finished building: default.size.stdout
 
Finished building: 20_SPI_Driver.list
 

14:09:02 Build Finished. 0 errors, 1 warnings. (took 765ms)

