14:08:42 **** Build of configuration Debug for project 31_SPI_BareMetal ****
make -j12 all 
arm-none-eabi-gcc -o "31_SPI_BareMetal.elf" @"objects.list"   -mcpu=cortex-m4 -T"D:\STM32\31_SPI_BareMetal\STM32L476RGTX_FLASH.ld" --specs=nosys.specs -Wl,-Map="31_SPI_BareMetal.map" -Wl,--gc-sections -static --specs=nano.specs -mfpu=fpv4-sp-d16 -mfloat-abi=hard -mthumb -Wl,--start-group -lc -lm -Wl,--end-group
Finished building target: 31_SPI_BareMetal.elf
 
arm-none-eabi-size  31_SPI_BareMetal.elf 
arm-none-eabi-objdump -h -S 31_SPI_BareMetal.elf  > "31_SPI_BareMetal.list"
   text	   data	    bss	    dec	    hex	filename
   2712	      4	   1580	   4296	   10c8	31_SPI_BareMetal.elf
Finished building: default.size.stdout
 
Finished building: 31_SPI_BareMetal.list
 

14:08:43 Build Finished. 0 errors, 0 warnings. (took 612ms)

