17:27:55 **** Incremental Build of configuration Debug for project 33_I2C_BareMetal ****
make -j12 all 
arm-none-eabi-gcc "../Src/main.c" -mcpu=cortex-m4 -std=gnu11 -g3 -DDEBUG -DSTM32L4 -DSTM32 -DSTM32L476RGTx -c -I../Inc -I"D:/STM32/33_I2C_BareMetal/Drivers/inc" -O0 -ffunction-sections -fdata-sections -Wall -fstack-usage -fcyclomatic-complexity -MMD -MP -MF"Src/main.d" -MT"Src/main.o" --specs=nano.specs -mfpu=fpv4-sp-d16 -mfloat-abi=hard -mthumb -o "Src/main.o"
arm-none-eabi-gcc -o "33_I2C_BareMetal.elf" @"objects.list"   -mcpu=cortex-m4 -T"D:\STM32\33_I2C_BareMetal\STM32L476RGTX_FLASH.ld" --specs=nosys.specs -Wl,-Map="33_I2C_BareMetal.map" -Wl,--gc-sections -static --specs=nano.specs -mfpu=fpv4-sp-d16 -mfloat-abi=hard -mthumb -Wl,--start-group -lc -lm -Wl,--end-group
Finished building target: 33_I2C_BareMetal.elf
 
arm-none-eabi-size  33_I2C_BareMetal.elf 
arm-none-eabi-objdump -h -S 33_I2C_BareMetal.elf  > "33_I2C_BareMetal.list"
   text	   data	    bss	    dec	    hex	filename
    884	      0	   1576	   2460	    99c	33_I2C_BareMetal.elf
Finished building: default.size.stdout
 
Finished building: 33_I2C_BareMetal.list
 

17:27:55 Build Finished. 0 errors, 0 warnings. (took 506ms)

