09:30:48 **** Build of configuration Debug for project 34_I2C_Interrupt_BareMetal ****
make -j12 all 
arm-none-eabi-gcc -mcpu=cortex-m4 -g3 -DDEBUG -c -x assembler-with-cpp -MMD -MP -MF"Startup/startup_stm32l476rgtx.d" -MT"Startup/startup_stm32l476rgtx.o" --specs=nano.specs -mfpu=fpv4-sp-d16 -mfloat-abi=hard -mthumb -o "Startup/startup_stm32l476rgtx.o" "../Startup/startup_stm32l476rgtx.s"
arm-none-eabi-gcc "../Src/main.c" -mcpu=cortex-m4 -std=gnu11 -g3 -DDEBUG -DSTM32L4 -DSTM32 -DSTM32L476RGTx -c -I../Inc -I"D:/STM32/34_I2C_Interrupt_BareMetal/Drivers/inc" -O0 -ffunction-sections -fdata-sections -Wall -fstack-usage -fcyclomatic-complexity -MMD -MP -MF"Src/main.d" -MT"Src/main.o" --specs=nano.specs -mfpu=fpv4-sp-d16 -mfloat-abi=hard -mthumb -o "Src/main.o"
arm-none-eabi-gcc "../Src/syscalls.c" -mcpu=cortex-m4 -std=gnu11 -g3 -DDEBUG -DSTM32L4 -DSTM32 -DSTM32L476RGTx -c -I../Inc -I"D:/STM32/34_I2C_Interrupt_BareMetal/Drivers/inc" -O0 -ffunction-sections -fdata-sections -Wall -fstack-usage -fcyclomatic-complexity -MMD -MP -MF"Src/syscalls.d" -MT"Src/syscalls.o" --specs=nano.specs -mfpu=fpv4-sp-d16 -mfloat-abi=hard -mthumb -o "Src/syscalls.o"
arm-none-eabi-gcc "../Src/sysmem.c" -mcpu=cortex-m4 -std=gnu11 -g3 -DDEBUG -DSTM32L4 -DSTM32 -DSTM32L476RGTx -c -I../Inc -I"D:/STM32/34_I2C_Interrupt_BareMetal/Drivers/inc" -O0 -ffunction-sections -fdata-sections -Wall -fstack-usage -fcyclomatic-complexity -MMD -MP -MF"Src/sysmem.d" -MT"Src/sysmem.o" --specs=nano.specs -mfpu=fpv4-sp-d16 -mfloat-abi=hard -mthumb -o "Src/sysmem.o"
arm-none-eabi-gcc "../Drivers/src/stm32l476xx_gpio.c" -mcpu=cortex-m4 -std=gnu11 -g3 -DDEBUG -DSTM32L4 -DSTM32 -DSTM32L476RGTx -c -I../Inc -I"D:/STM32/34_I2C_Interrupt_BareMetal/Drivers/inc" -O0 -ffunction-sections -fdata-sections -Wall -fstack-usage -fcyclomatic-complexity -MMD -MP -MF"Drivers/src/stm32l476xx_gpio.d" -MT"Drivers/src/stm32l476xx_gpio.o" --specs=nano.specs -mfpu=fpv4-sp-d16 -mfloat-abi=hard -mthumb -o "Drivers/src/stm32l476xx_gpio.o"
arm-none-eabi-gcc "../Drivers/src/stm32l476xx_i2c.c" -mcpu=cortex-m4 -std=gnu11 -g3 -DDEBUG -DSTM32L4 -DSTM32 -DSTM32L476RGTx -c -I../Inc -I"D:/STM32/34_I2C_Interrupt_BareMetal/Drivers/inc" -O0 -ffunction-sections -fdata-sections -Wall -fstack-usage -fcyclomatic-complexity -MMD -MP -MF"Drivers/src/stm32l476xx_i2c.d" -MT"Drivers/src/stm32l476xx_i2c.o" --specs=nano.specs -mfpu=fpv4-sp-d16 -mfloat-abi=hard -mthumb -o "Drivers/src/stm32l476xx_i2c.o"
arm-none-eabi-gcc "../Drivers/src/stm32l476xx_spi.c" -mcpu=cortex-m4 -std=gnu11 -g3 -DDEBUG -DSTM32L4 -DSTM32 -DSTM32L476RGTx -c -I../Inc -I"D:/STM32/34_I2C_Interrupt_BareMetal/Drivers/inc" -O0 -ffunction-sections -fdata-sections -Wall -fstack-usage -fcyclomatic-complexity -MMD -MP -MF"Drivers/src/stm32l476xx_spi.d" -MT"Drivers/src/stm32l476xx_spi.o" --specs=nano.specs -mfpu=fpv4-sp-d16 -mfloat-abi=hard -mthumb -o "Drivers/src/stm32l476xx_spi.o"
arm-none-eabi-gcc -o "34_I2C_Interrupt_BareMetal.elf" @"objects.list"   -mcpu=cortex-m4 -T"D:\STM32\34_I2C_Interrupt_BareMetal\STM32L476RGTX_FLASH.ld" --specs=nosys.specs -Wl,-Map="34_I2C_Interrupt_BareMetal.map" -Wl,--gc-sections -static -u _printf_float --specs=nano.specs -mfpu=fpv4-sp-d16 -mfloat-abi=hard -mthumb -Wl,--start-group -lc -lm -Wl,--end-group
Finished building target: 34_I2C_Interrupt_BareMetal.elf
 
arm-none-eabi-size  34_I2C_Interrupt_BareMetal.elf 
arm-none-eabi-objdump -h -S 34_I2C_Interrupt_BareMetal.elf  > "34_I2C_Interrupt_BareMetal.list"
   text	   data	    bss	    dec	    hex	filename
  17792	    456	   5024	  23272	   5ae8	34_I2C_Interrupt_BareMetal.elf
Finished building: default.size.stdout
 
Finished building: 34_I2C_Interrupt_BareMetal.list
 

09:30:48 Build Finished. 0 errors, 0 warnings. (took 711ms)

