09:31:53 **** Incremental Build of configuration Debug for project 51_Queue_Management_FreeRTOS ****
make -j12 all 
arm-none-eabi-gcc "../Core/Src/main.c" -mcpu=cortex-m4 -std=gnu11 -g3 -DDEBUG -DUSE_HAL_DRIVER -DSTM32L476xx -c -I../Core/Inc -I../Drivers/STM32L4xx_HAL_Driver/Inc -I../Drivers/STM32L4xx_HAL_Driver/Inc/Legacy -I../Drivers/CMSIS/Device/ST/STM32L4xx/Include -I../Drivers/CMSIS/Include -I../Middlewares/Third_Party/FreeRTOS/Source/include -I../Middlewares/Third_Party/FreeRTOS/Source/CMSIS_RTOS -I../Middlewares/Third_Party/FreeRTOS/Source/portable/GCC/ARM_CM4F -O0 -ffunction-sections -fdata-sections -Wall -fstack-usage -fcyclomatic-complexity -MMD -MP -MF"Core/Src/main.d" -MT"Core/Src/main.o" --specs=nano.specs -mfpu=fpv4-sp-d16 -mfloat-abi=hard -mthumb -o "Core/Src/main.o"
arm-none-eabi-gcc -o "51_Queue_Management_FreeRTOS.elf" @"objects.list"   -mcpu=cortex-m4 -T"D:\STM32\51_Queue_Management_FreeRTOS\STM32L476RGTX_FLASH.ld" --specs=nosys.specs -Wl,-Map="51_Queue_Management_FreeRTOS.map" -Wl,--gc-sections -static --specs=nano.specs -mfpu=fpv4-sp-d16 -mfloat-abi=hard -mthumb -Wl,--start-group -lc -lm -Wl,--end-group
Finished building target: 51_Queue_Management_FreeRTOS.elf
 
arm-none-eabi-size  51_Queue_Management_FreeRTOS.elf 
arm-none-eabi-objdump -h -S 51_Queue_Management_FreeRTOS.elf  > "51_Queue_Management_FreeRTOS.list"
   text	   data	    bss	    dec	    hex	filename
  27308	    108	   5980	  33396	   8274	51_Queue_Management_FreeRTOS.elf
Finished building: default.size.stdout
 
Finished building: 51_Queue_Management_FreeRTOS.list
 

09:31:54 Build Finished. 0 errors, 0 warnings. (took 1s.15ms)

