11:58:29 **** Incremental Build of configuration Debug for project 54_Mutex_FreeRTOS ****
make -j12 all 
arm-none-eabi-gcc "../Core/Src/main.c" -mcpu=cortex-m4 -std=gnu11 -g3 -DDEBUG -DUSE_HAL_DRIVER -DSTM32L476xx -c -I../Core/Inc -I../Drivers/STM32L4xx_HAL_Driver/Inc -I../Drivers/STM32L4xx_HAL_Driver/Inc/Legacy -I../Drivers/CMSIS/Device/ST/STM32L4xx/Include -I../Drivers/CMSIS/Include -I../Middlewares/Third_Party/FreeRTOS/Source/include -I../Middlewares/Third_Party/FreeRTOS/Source/CMSIS_RTOS -I../Middlewares/Third_Party/FreeRTOS/Source/portable/GCC/ARM_CM4F -O0 -ffunction-sections -fdata-sections -Wall -fstack-usage -fcyclomatic-complexity -MMD -MP -MF"Core/Src/main.d" -MT"Core/Src/main.o" --specs=nano.specs -mfpu=fpv4-sp-d16 -mfloat-abi=hard -mthumb -o "Core/Src/main.o"
arm-none-eabi-gcc -o "54_Mutex_FreeRTOS.elf" @"objects.list"   -mcpu=cortex-m4 -T"D:\STM32\54_Mutex_FreeRTOS\STM32L476RGTX_FLASH.ld" --specs=nosys.specs -Wl,-Map="54_Mutex_FreeRTOS.map" -Wl,--gc-sections -static --specs=nano.specs -mfpu=fpv4-sp-d16 -mfloat-abi=hard -mthumb -Wl,--start-group -lc -lm -Wl,--end-group
Finished building target: 54_Mutex_FreeRTOS.elf
 
arm-none-eabi-size  54_Mutex_FreeRTOS.elf 
arm-none-eabi-objdump -h -S 54_Mutex_FreeRTOS.elf  > "54_Mutex_FreeRTOS.list"
   text	   data	    bss	    dec	    hex	filename
  21384	     16	   5656	  27056	   69b0	54_Mutex_FreeRTOS.elf
Finished building: default.size.stdout
 
Finished building: 54_Mutex_FreeRTOS.list
 

11:58:29 Build Finished. 0 errors, 0 warnings. (took 868ms)

